npm error code ENOTEMPTY
npm error syscall rename
npm error path /app/node_modules/chokidar
npm error dest /app/node_modules/.chokidar-x3grxRpx
npm error errno -39
npm error ENOTEMPTY: directory not empty, rename '/app/node_modules/chokidar' -> '/app/node_modules/.chokidar-x3grxRpx'
npm notice
npm notice New major version of npm available! 10.8.2 -> 11.13.0
npm notice Changelog: https://github.com/npm/cli/releases/tag/v11.13.0
npm notice To update run: npm install -g npm@11.13.0
npm notice
npm error A complete log of this run can be found in: /root/.npm/_logs/2026-05-02T05_28_00_355Z-debug-0.log
